2026-07-31 11:49:12,033 - src.loader - INFO - Loaded 1 documents from C:\Users\Other User\Documents\New folder\rag-chatbot\data
2026-07-31 11:49:19,742 - src.vector_db - INFO - Built FAISS index with 5 vectors (dim=8)
2026-07-31 11:49:19,744 - src.vector_db - INFO - Saved index to C:\Users\Other User\Documents\New folder\rag-chatbot\vectorstore\index.faiss
2026-07-31 11:49:19,764 - src.vector_db - INFO - Loaded index with 5 vectors
2026-07-31 11:50:44,696 - src.rag_pipeline - INFO - No existing index found; building a new one.
2026-07-31 11:50:44,697 - src.loader - INFO - Loaded 1 documents from C:\Users\Other User\Documents\New folder\rag-chatbot\data
2026-07-31 11:51:52,400 - src.rag_pipeline - INFO - No existing index found; building a new one.
2026-07-31 11:51:52,403 - src.loader - INFO - Loaded 1 documents from C:\Users\Other User\Documents\New folder\rag-chatbot\data
2026-07-31 11:53:13,553 - src.rag_pipeline - INFO - No existing index found; building a new one.
2026-07-31 11:53:13,554 - src.loader - INFO - Loaded 1 documents from C:\Users\Other User\Documents\New folder\rag-chatbot\data
2026-07-31 12:20:18,183 - src.loader - INFO - Loaded 1 documents from C:\Users\Other User\Documents\New folder\rag-chatbot\data
2026-07-31 12:20:41,108 - src.vector_db - INFO - Built FAISS index with 1 vectors (dim=384)
2026-07-31 12:20:41,113 - src.vector_db - INFO - Saved index to C:\Users\Other User\Documents\New folder\rag-chatbot\vectorstore\index.faiss
2026-07-31 12:22:37,209 - src.vector_db - INFO - Loaded index with 1 vectors
2026-07-31 12:23:36,566 - src.loader - INFO - Loaded 1 documents from C:\Users\Other User\Documents\New folder\rag-chatbot\data
2026-07-31 12:23:43,521 - src.vector_db - INFO - Built FAISS index with 1 vectors (dim=384)
2026-07-31 12:23:43,524 - src.vector_db - INFO - Saved index to C:\Users\Other User\Documents\New folder\rag-chatbot\vectorstore\index.faiss
2026-07-31 12:25:42,578 - src.loader - INFO - Loaded 2 documents from C:\Users\Other User\Documents\New folder\rag-chatbot\data
2026-07-31 12:25:46,336 - src.vector_db - INFO - Built FAISS index with 52 vectors (dim=384)
2026-07-31 12:25:46,338 - src.vector_db - INFO - Saved index to C:\Users\Other User\Documents\New folder\rag-chatbot\vectorstore\index.faiss
2026-07-31 12:39:06,788 - src.vector_db - INFO - Loaded index with 52 vectors
2026-07-31 12:51:43,937 - src.loader - INFO - Loaded 3 documents from C:\Users\Other User\Documents\New folder\rag-chatbot\data
2026-07-31 12:51:54,841 - src.vector_db - INFO - Built FAISS index with 90 vectors (dim=384)
2026-07-31 12:51:54,846 - src.vector_db - INFO - Saved index to C:\Users\Other User\Documents\New folder\rag-chatbot\vectorstore\index.faiss
2026-07-31 12:54:08,820 - src.loader - INFO - Loaded 3 documents from C:\Users\Other User\Documents\New folder\rag-chatbot\data
2026-07-31 12:54:12,118 - src.vector_db - INFO - Built FAISS index with 90 vectors (dim=384)
2026-07-31 12:54:12,123 - src.vector_db - INFO - Saved index to C:\Users\Other User\Documents\New folder\rag-chatbot\vectorstore\index.faiss
2026-07-31 12:55:34,362 - src.loader - INFO - Loaded 2 documents from C:\Users\Other User\Documents\New folder\rag-chatbot\data
2026-07-31 12:55:36,340 - src.vector_db - INFO - Built FAISS index with 39 vectors (dim=384)
2026-07-31 12:55:36,345 - src.vector_db - INFO - Saved index to C:\Users\Other User\Documents\New folder\rag-chatbot\vectorstore\index.faiss
2026-07-31 12:55:45,958 - src.loader - INFO - Loaded 1 documents from C:\Users\Other User\Documents\New folder\rag-chatbot\data
2026-07-31 12:55:48,017 - src.vector_db - INFO - Built FAISS index with 38 vectors (dim=384)
2026-07-31 12:55:48,021 - src.vector_db - INFO - Saved index to C:\Users\Other User\Documents\New folder\rag-chatbot\vectorstore\index.faiss
2026-07-31 12:56:07,616 - src.loader - INFO - Loaded 1 documents from C:\Users\Other User\Documents\New folder\rag-chatbot\data
2026-07-31 12:56:09,913 - src.vector_db - INFO - Built FAISS index with 38 vectors (dim=384)
2026-07-31 12:56:09,917 - src.vector_db - INFO - Saved index to C:\Users\Other User\Documents\New folder\rag-chatbot\vectorstore\index.faiss
2026-07-31 13:18:17,744 - src.vector_db - INFO - Loaded index with 38 vectors
2026-07-31 14:37:59,027 - src.vector_db - INFO - Loaded index with 38 vectors
2026-07-31 15:10:52,323 - src.vector_db - INFO - Loaded index with 38 vectors
2026-07-31 15:36:46,472 - src.vector_db - INFO - Loaded index with 38 vectors
2026-07-31 15:37:53,327 - src.vector_db - INFO - Loaded index with 38 vectors
